I'm sorry, but errors were detected in your script. Please correct the
errors listed below, and try again.


File "game/sprites.rpy", line 18: expecting name after dot.
    pause 0.1.5
              ^

Ren'Py Version: Ren'Py 8.0.3.22090809
Sat Mar  4 20:21:38 2023
